INFO:sanic.server:Starting worker [44942]
ERROR:sanic.error:Exception occurred while handling uri: 'http://draft.leg.ovh/home_updates?datastar=%7B%7D'
Traceback (most recent call last):
  File "handle_request", line 100, in handle_request
    except ImportError:
                        
  File "/home/le/draft/.venv/lib/python3.12/site-packages/datastar_py/sanic.py", line 81, in wrapper
    async for event in ait:
  File "/home/le/draft/app.py", line 55, in home_updates
    response_html = await home_page(user_id)
                    ^^^^^^^^^^^^^^^^^^^^^^^^
  File "/home/le/draft/views.py", line 39, in home_page
    <div data-sheet={champs[draft.b1b]['sheet']} data-champion="{champs[draft.b1b]['name']}"></div>
                     ~~~~~~^^^^^^^^^^^
KeyError: 'legends'
ERROR:sanic.error:Exception occurred while handling uri: 'http://draft.leg.ovh/home_updates?datastar=%7B%7D'
Traceback (most recent call last):
  File "handle_request", line 100, in handle_request
    except ImportError:
                        
  File "/home/le/draft/.venv/lib/python3.12/site-packages/datastar_py/sanic.py", line 81, in wrapper
    async for event in ait:
  File "/home/le/draft/app.py", line 55, in home_updates
    response_html = await home_page(user_id)
                    ^^^^^^^^^^^^^^^^^^^^^^^^
  File "/home/le/draft/views.py", line 39, in home_page
    <div data-sheet={champs[draft.b1b]['sheet']} data-champion="{champs[draft.b1b]['name']}"></div>
                     ~~~~~~^^^^^^^^^^^
KeyError: 'legends'
ERROR:sanic.error:Exception occurred while handling uri: 'http://draft.leg.ovh/home_updates?datastar=%7B%7D'
Traceback (most recent call last):
  File "handle_request", line 100, in handle_request
    except ImportError:
                        
  File "/home/le/draft/.venv/lib/python3.12/site-packages/datastar_py/sanic.py", line 81, in wrapper
    async for event in ait:
  File "/home/le/draft/app.py", line 55, in home_updates
    response_html = await home_page(user_id)
                    ^^^^^^^^^^^^^^^^^^^^^^^^
  File "/home/le/draft/views.py", line 39, in home_page
    <div data-sheet={champs[draft.b1b]['sheet']} data-champion="{champs[draft.b1b]['name']}"></div>
                     ~~~~~~^^^^^^^^^^^
KeyError: 'legends'
ERROR:sanic.error:Exception occurred while handling uri: 'http://draft.leg.ovh/home_updates?datastar=%7B%7D'
Traceback (most recent call last):
  File "handle_request", line 100, in handle_request
    except ImportError:
                        
  File "/home/le/draft/.venv/lib/python3.12/site-packages/datastar_py/sanic.py", line 81, in wrapper
    async for event in ait:
  File "/home/le/draft/app.py", line 55, in home_updates
    response_html = await home_page(user_id)
                    ^^^^^^^^^^^^^^^^^^^^^^^^
  File "/home/le/draft/views.py", line 39, in home_page
    <div data-sheet={champs[draft.b1b]['sheet']} data-champion="{champs[draft.b1b]['name']}"></div>
                     ~~~~~~^^^^^^^^^^^
KeyError: 'legends'
ERROR:sanic.error:Exception occurred while handling uri: 'http://draft.leg.ovh/home_updates?datastar=%7B%7D'
Traceback (most recent call last):
  File "handle_request", line 100, in handle_request
    except ImportError:
                        
  File "/home/le/draft/.venv/lib/python3.12/site-packages/datastar_py/sanic.py", line 81, in wrapper
    async for event in ait:
  File "/home/le/draft/app.py", line 55, in home_updates
    response_html = await home_page(user_id)
                    ^^^^^^^^^^^^^^^^^^^^^^^^
  File "/home/le/draft/views.py", line 39, in home_page
    <div data-sheet={champs[draft.b1b]['sheet']} data-champion="{champs[draft.b1b]['name']}"></div>
                     ~~~~~~^^^^^^^^^^^
KeyError: 'legends'
ERROR:sanic.error:Exception occurred while handling uri: 'http://draft.leg.ovh/home_updates?datastar=%7B%7D'
Traceback (most recent call last):
  File "handle_request", line 100, in handle_request
    except ImportError:
                        
  File "/home/le/draft/.venv/lib/python3.12/site-packages/datastar_py/sanic.py", line 81, in wrapper
    async for event in ait:
  File "/home/le/draft/app.py", line 55, in home_updates
    response_html = await home_page(user_id)
                    ^^^^^^^^^^^^^^^^^^^^^^^^
  File "/home/le/draft/views.py", line 39, in home_page
    <div data-sheet={champs[draft.b1b]['sheet']} data-champion="{champs[draft.b1b]['name']}"></div>
                     ~~~~~~^^^^^^^^^^^
KeyError: 'legends'
INFO:sanic.server:Stopping worker [44942]
INFO:sanic.server:Worker complete [44942]
INFO:sanic.server:Starting worker [45066]
ERROR:sanic.error:Exception occurred while handling uri: 'http://draft.leg.ovh/d/9'
Traceback (most recent call last):
  File "/home/le/draft/.venv/lib/python3.12/site-packages/peewee.py", line 7297, in get
    return clone.execute(database)[0]
           ~~~~~~~~~~~~~~~~~~~~~~~^^^
  File "/home/le/draft/.venv/lib/python3.12/site-packages/peewee.py", line 4583, in __getitem__
    return self.row_cache[item]
           ~~~~~~~~~~~~~~^^^^^^
IndexError: list index out of range

During handling of the above exception, another exception occurred:

Traceback (most recent call last):
  File "handle_request", line 100, in handle_request
    except ImportError:
                        
  File "/home/le/draft/app.py", line 109, in draft
    draft = Draft.get(Draft.id == draft_id)
            ^^^^^^^^^^^^^^^^^^^^^^^^^^^^^^^
  File "/home/le/draft/.venv/lib/python3.12/site-packages/peewee.py", line 6840, in get
    return sq.get()
           ^^^^^^^^
  File "/home/le/draft/.venv/lib/python3.12/site-packages/peewee.py", line 7300, in get
    raise self.model.DoesNotExist('%s instance matching query does '
models.DraftDoesNotExist: <Model: Draft> instance matching query does not exist:
SQL: SELECT "t1"."id", "t1"."created", "t1"."blue", "t1"."red", "t1"."current_move", "t1"."r1b", "t1"."b1b", "t1"."b2b", "t1"."r2b", "t1"."r3b", "t1"."b3b", "t1"."b1p", "t1"."r1p", "t1"."r2p", "t1"."b2p", "t1"."b3p", "t1"."r3p", "t1"."r4b", "t1"."b4b", "t1"."b5b", "t1"."r5b", "t1"."r4p", "t1"."b4p", "t1"."b5p", "t1"."r5p", "t1"."votes_blue", "t1"."votes_red" FROM "draft" AS "t1" WHERE ("t1"."id" = ?) LIMIT ? OFFSET ?
Params: [9, 1, 0]
ERROR:sanic.error:Exception occurred while handling uri: 'http://draft.leg.ovh/d/9'
Traceback (most recent call last):
  File "/home/le/draft/.venv/lib/python3.12/site-packages/peewee.py", line 7297, in get
    return clone.execute(database)[0]
           ~~~~~~~~~~~~~~~~~~~~~~~^^^
  File "/home/le/draft/.venv/lib/python3.12/site-packages/peewee.py", line 4583, in __getitem__
    return self.row_cache[item]
           ~~~~~~~~~~~~~~^^^^^^
IndexError: list index out of range

During handling of the above exception, another exception occurred:

Traceback (most recent call last):
  File "handle_request", line 100, in handle_request
    except ImportError:
                        
  File "/home/le/draft/app.py", line 109, in draft
    draft = Draft.get(Draft.id == draft_id)
            ^^^^^^^^^^^^^^^^^^^^^^^^^^^^^^^
  File "/home/le/draft/.venv/lib/python3.12/site-packages/peewee.py", line 6840, in get
    return sq.get()
           ^^^^^^^^
  File "/home/le/draft/.venv/lib/python3.12/site-packages/peewee.py", line 7300, in get
    raise self.model.DoesNotExist('%s instance matching query does '
models.DraftDoesNotExist: <Model: Draft> instance matching query does not exist:
SQL: SELECT "t1"."id", "t1"."created", "t1"."blue", "t1"."red", "t1"."current_move", "t1"."r1b", "t1"."b1b", "t1"."b2b", "t1"."r2b", "t1"."r3b", "t1"."b3b", "t1"."b1p", "t1"."r1p", "t1"."r2p", "t1"."b2p", "t1"."b3p", "t1"."r3p", "t1"."r4b", "t1"."b4b", "t1"."b5b", "t1"."r5b", "t1"."r4p", "t1"."b4p", "t1"."b5p", "t1"."r5p", "t1"."votes_blue", "t1"."votes_red" FROM "draft" AS "t1" WHERE ("t1"."id" = ?) LIMIT ? OFFSET ?
Params: [9, 1, 0]
INFO:sanic.server:Stopping worker [45066]
INFO:sanic.server:Worker complete [45066]
INFO:sanic.server:Starting worker [45152]
ERROR:__mp_main__:Unhandled exception: NOT NULL constraint failed: draft.blue
Traceback (most recent call last):
  File "/home/le/draft/.venv/lib/python3.12/site-packages/peewee.py", line 3322, in execute_sql
    cursor.execute(sql, params or ())
sqlite3.IntegrityError: NOT NULL constraint failed: draft.blue

During handling of the above exception, another exception occurred:

Traceback (most recent call last):
  File "handle_request", line 100, in handle_request
    except ImportError:
                        
  File "/home/le/draft/app.py", line 73, in new_draft
    draft_id = Draft.create(
               ^^^^^^^^^^^^^
  File "/home/le/draft/.venv/lib/python3.12/site-packages/peewee.py", line 6748, in create
    inst.save(force_insert=True)
  File "/home/le/draft/.venv/lib/python3.12/site-packages/peewee.py", line 6958, in save
    pk = self.insert(**field_dict).execute()
         ^^^^^^^^^^^^^^^^^^^^^^^^^^^^^^^^^^^
  File "/home/le/draft/.venv/lib/python3.12/site-packages/peewee.py", line 2036, in inner
    return method(self, database, *args, **kwargs)
           ^^^^^^^^^^^^^^^^^^^^^^^^^^^^^^^^^^^^^^^
  File "/home/le/draft/.venv/lib/python3.12/site-packages/peewee.py", line 2107, in execute
    return self._execute(database)
           ^^^^^^^^^^^^^^^^^^^^^^^
  File "/home/le/draft/.venv/lib/python3.12/site-packages/peewee.py", line 2912, in _execute
    return super(Insert, self)._execute(database)
           ^^^^^^^^^^^^^^^^^^^^^^^^^^^^^^^^^^^^^^
  File "/home/le/draft/.venv/lib/python3.12/site-packages/peewee.py", line 2625, in _execute
    cursor = database.execute(self)
             ^^^^^^^^^^^^^^^^^^^^^^
  File "/home/le/draft/.venv/lib/python3.12/site-packages/peewee.py", line 3330, in execute
    return self.execute_sql(sql, params)
           ^^^^^^^^^^^^^^^^^^^^^^^^^^^^^
  File "/home/le/draft/.venv/lib/python3.12/site-packages/peewee.py", line 3320, in execute_sql
    with __exception_wrapper__:
         ^^^^^^^^^^^^^^^^^^^^^
  File "/home/le/draft/.venv/lib/python3.12/site-packages/peewee.py", line 3088, in __exit__
    reraise(new_type, new_type(exc_value, *exc_args), traceback)
  File "/home/le/draft/.venv/lib/python3.12/site-packages/peewee.py", line 196, in reraise
    raise value.with_traceback(tb)
  File "/home/le/draft/.venv/lib/python3.12/site-packages/peewee.py", line 3322, in execute_sql
    cursor.execute(sql, params or ())
peewee.IntegrityError: NOT NULL constraint failed: draft.blue
INFO:sanic.server:Stopping worker [45152]
INFO:sanic.server:Starting worker [45382]
INFO:sanic.server:Worker complete [45152]
ERROR:__mp_main__:Unhandled exception: Requested URL /robots.txt not found
Traceback (most recent call last):
  File "handle_request", line 39, in handle_request
    TypeVar,
             
  File "/home/le/draft/.venv/lib/python3.12/site-packages/sanic/router.py", line 76, in get
    return self._get(path, method, host)
           ^^^^^^^^^^^^^^^^^^^^^^^^^^^^^
  File "/home/le/draft/.venv/lib/python3.12/site-packages/sanic/router.py", line 41, in _get
    raise NotFound(f"Requested URL {e.path} not found") from None
sanic.exceptions.NotFound: Requested URL /robots.txt not found
ERROR:__mp_main__:Unhandled exception: Requested URL /robots.txt not found
Traceback (most recent call last):
  File "handle_request", line 39, in handle_request
    TypeVar,
             
  File "/home/le/draft/.venv/lib/python3.12/site-packages/sanic/router.py", line 76, in get
    return self._get(path, method, host)
           ^^^^^^^^^^^^^^^^^^^^^^^^^^^^^
  File "/home/le/draft/.venv/lib/python3.12/site-packages/sanic/router.py", line 41, in _get
    raise NotFound(f"Requested URL {e.path} not found") from None
sanic.exceptions.NotFound: Requested URL /robots.txt not found
ERROR:__mp_main__:Unhandled exception: NOT NULL constraint failed: draft.blue
Traceback (most recent call last):
  File "/home/le/draft/.venv/lib/python3.12/site-packages/peewee.py", line 3322, in execute_sql
    cursor.execute(sql, params or ())
sqlite3.IntegrityError: NOT NULL constraint failed: draft.blue

During handling of the above exception, another exception occurred:

Traceback (most recent call last):
  File "handle_request", line 100, in handle_request
    except ImportError:
                        
  File "/home/le/draft/app.py", line 78, in new_draft
    draft_id = Draft.create(
               ^^^^^^^^^^^^^
  File "/home/le/draft/.venv/lib/python3.12/site-packages/peewee.py", line 6748, in create
    inst.save(force_insert=True)
  File "/home/le/draft/.venv/lib/python3.12/site-packages/peewee.py", line 6958, in save
    pk = self.insert(**field_dict).execute()
         ^^^^^^^^^^^^^^^^^^^^^^^^^^^^^^^^^^^
  File "/home/le/draft/.venv/lib/python3.12/site-packages/peewee.py", line 2036, in inner
    return method(self, database, *args, **kwargs)
           ^^^^^^^^^^^^^^^^^^^^^^^^^^^^^^^^^^^^^^^
  File "/home/le/draft/.venv/lib/python3.12/site-packages/peewee.py", line 2107, in execute
    return self._execute(database)
           ^^^^^^^^^^^^^^^^^^^^^^^
  File "/home/le/draft/.venv/lib/python3.12/site-packages/peewee.py", line 2912, in _execute
    return super(Insert, self)._execute(database)
           ^^^^^^^^^^^^^^^^^^^^^^^^^^^^^^^^^^^^^^
  File "/home/le/draft/.venv/lib/python3.12/site-packages/peewee.py", line 2625, in _execute
    cursor = database.execute(self)
             ^^^^^^^^^^^^^^^^^^^^^^
  File "/home/le/draft/.venv/lib/python3.12/site-packages/peewee.py", line 3330, in execute
    return self.execute_sql(sql, params)
           ^^^^^^^^^^^^^^^^^^^^^^^^^^^^^
  File "/home/le/draft/.venv/lib/python3.12/site-packages/peewee.py", line 3320, in execute_sql
    with __exception_wrapper__:
         ^^^^^^^^^^^^^^^^^^^^^
  File "/home/le/draft/.venv/lib/python3.12/site-packages/peewee.py", line 3088, in __exit__
    reraise(new_type, new_type(exc_value, *exc_args), traceback)
  File "/home/le/draft/.venv/lib/python3.12/site-packages/peewee.py", line 196, in reraise
    raise value.with_traceback(tb)
  File "/home/le/draft/.venv/lib/python3.12/site-packages/peewee.py", line 3322, in execute_sql
    cursor.execute(sql, params or ())
peewee.IntegrityError: NOT NULL constraint failed: draft.blue
